Python 3.14.4
policy=exact rational; round nearest ties even; Q16.16 signed total32 fractional16
binary_fraction 1.101_2 = 1+1/2+0/4+1/8 = 13/8
fixed_step= 1/65536 range=[ -32768 , 2147483647/65536 ]
scientific_notation 1.024*10^3= 1024
quantization columns: input type bits readback exact_abs_error relative_error relative_percent
0.000001 Q16.16 00000000 0 1/1000000 1 100%
0.000001 FP32 358637BD 9.9999999747524271e-07 347/137438953472000000 2.52475729212e-09 2.52475729212e-07%
0.001 Q16.16 00000042 0.001007080078125 29/4096000 0.007080078125 0.7080078125%
0.001 FP32 3A83126F 0.0010000000474974513 51/1073741824000 4.74974513054e-08 4.74974513054e-06%
1 Q16.16 00010000 1 0 0 0%
1 FP32 3F800000 1 0 0 0%
1000 Q16.16 03E80000 1000 0 0 0%
1000 FP32 447A0000 1000 0 0 0%
1000000 Q16.16 OUT_OF_RANGE rounded_integer=65536000000 max_signed=2147483647
1000000 FP32 49742400 1000000 0 0 0%
decode columns: hex sign E E_binary fraction_binary fraction_integer value_exact value_decimal
3F800001 0 127 01111111 00000000000000000000001 1 8388609/8388608 1.0000001192092896
3FC00000 0 127 01111111 10000000000000000000000 4194304 3/2 1.5
00000000 0 0 00000000 00000000000000000000000 0 0 0
80000000 1 0 00000000 00000000000000000000000 0 -0 0
00800000 0 1 00000001 00000000000000000000000 0 1/85070591730234615865843651857942052864 1.1754943508222875e-38
007FFFFF 0 0 00000000 11111111111111111111111 8388607 8388607/713623846352979940529142984724747568191373312 1.1754942106924411e-38
00400000 0 0 00000000 10000000000000000000000 4194304 1/170141183460469231731687303715884105728 5.8774717541114375e-39
00000002 0 0 00000000 00000000000000000000010 2 1/356811923176489970264571492362373784095686656 2.8025969286496341e-45
00000001 0 0 00000000 00000000000000000000001 1 1/713623846352979940529142984724747568191373312 1.4012984643248171e-45
80000001 1 0 00000000 00000000000000000000001 1 -1/713623846352979940529142984724747568191373312 -1.4012984643248171e-45
7E800000 0 253 11111101 00000000000000000000000 0 85070591730234615865843651857942052864 8.5070591730234616e+37
3F000000 0 126 01111110 00000000000000000000000 0 1/2 0.5
3F800000 0 127 01111111 00000000000000000000000 0 1 1
7F800000 0 255 11111111 00000000000000000000000 0 +infinity special
FF800000 1 255 11111111 00000000000000000000000 0 -infinity special
7FC00000 0 255 11111111 10000000000000000000000 4194304 NaN special
3FC00002 0 127 01111111 10000000000000000000010 4194306 6291457/4194304 1.5000002384185791
gradual_underflow spacing= 1/713623846352979940529142984724747568191373312 min_normal_units= 8388608
exact multiplication; IEEE column applies nearest ties even, preserving subnormals
3F800001 * 3FC00000 exact=25165827/16777216 IEEE=3FC00002
00000001 * 3F800000 exact=1/713623846352979940529142984724747568191373312 IEEE=00000001
00800000 * 3F000000 exact=1/170141183460469231731687303715884105728 IEEE=00400000
80000001 * 3F800000 exact=-1/713623846352979940529142984724747568191373312 IEEE=80000001
00400000 * 7E800000 exact=1/2 IEEE=3F000000
scenario params=7000000000 forward_flops_per_token~2N=14000000000 macs_per_token=7000000000
horowitz_45nm fp32_mult/int8_mult=18.5 (十几倍)
andrysco_core_i7_sse mult normal=4 subnormal>200 ratio>50
min_normal 2^-126=1.175494e-38 (约 10^-38)
FP32 relative errors 0.000001=2.52e-09 0.001=4.75e-08 1000000=0 all < 1e-7 (都不到千万分之一)
tpu_v4 2 cores x 4 MXU x 128x128 = 131072
0.000001 < half step 2^-17 (连半格都不到)
format FP32 sign=1 exponent=8 fraction=23 total=32
format BF16 sign=1 exponent=8 fraction=7 total=16
format FP16 sign=1 exponent=5 fraction=10 total=16
format FP8 E5M2 sign=1 exponent=5 fraction=2 total=8
format FP8 E4M3 sign=1 exponent=4 fraction=3 total=8
PASS arithmetic assertions and independent struct cross-checks
